main.c:115:5:main	56	static
main.c:281:6:SystemClock_Config	104	static
main.c:328:13:MX_ADC_Init	24	static
main.c:380:13:MX_I2C1_Init	8	static
main.c:426:13:MX_I2C2_Init	8	static
main.c:472:13:MX_TIM1_Init	96	static
main.c:546:13:MX_GPIO_Init	48	static
main.c:576:6:init_vcnl4040	8	static
main.c:589:19:send_command_vcnl4040	32	static
main.c:598:9:readSensor	56	static
main.c:618:6:writeCommand	24	static
main.c:625:6:writeCommands	32	static
main.c:648:6:read_data_vcnl4040	16	static
main.c:657:6:user_pwm_setvalue	16	static
main.c:662:6:oled_print	24	static
main.c:676:6:Error_Handler	8	static,ignoring_inline_asm
