main.c:95:5:main	8	static
main.c:188:6:SystemClock_Config	104	static
main.c:234:13:MX_NVIC_Init	8	static
main.c:249:13:MX_ADC_Init	24	static
main.c:308:13:MX_I2C1_Init	8	static
main.c:354:13:MX_I2C2_Init	8	static
main.c:400:13:MX_TIM1_Init	96	static
main.c:474:13:MX_TIM6_Init	8	static
main.c:504:13:MX_TIM7_Init	8	static
main.c:534:13:MX_GPIO_Init	48	static
main.c:569:6:ADC_Select_CH0	24	static
main.c:581:6:ADC_Select_CH3	24	static
main.c:603:6:StartDefaultTask	16	static
main.c:618:6:Error_Handler	8	static,ignoring_inline_asm
