i2c1.c:32:13:i2c_bus_init	8	static
i2c1.c:37:13:i2c_set_sda	8	static
i2c1.c:41:13:i2c_clear_sda	8	static
i2c1.c:45:13:i2c_get_sda	24	static
i2c1.c:53:13:i2c_set_scl	8	static
i2c1.c:57:13:i2c_clear_scl	8	static
i2c1.c:61:13:half_bit_dly	8	static
i2c1.c:65:13:setup_dly	8	static
i2c1.c:69:6:delay_us	16	static
i2c1.c:77:6:I2C_Start_condition	8	static
i2c1.c:88:6:I2C_Stop_condition	8	static
i2c1.c:102:9:I2C_master_write	32	static
i2c1.c:126:9:I2C_master_read	32	static
i2c1.c:147:10:I2C_master_read2byte	32	static
i2c1.c:183:13:sda_wr_control	16	static
i2c1.c:197:16:sda_rd_control	16	static
