vcnl4040.c:39:6:isConnected	8	static
vcnl4040.c:47:6:setIRDutyCycle	16	static
vcnl4040.c:61:6:setProxInterruptPersistance	16	static
vcnl4040.c:70:6:setAmbientInterruptPersistance	16	static
vcnl4040.c:75:6:enableAmbientInterrupts	8	static
vcnl4040.c:79:6:disableAmbientInterrupts	8	static
vcnl4040.c:85:6:powerOnAmbient	8	static
vcnl4040.c:89:6:powerOffAmbient	8	static
vcnl4040.c:95:6:setAmbientIntegrationTime	16	static
vcnl4040.c:106:6:setProxIntegrationTime	16	static
vcnl4040.c:118:6:powerOnProximity	8	static
vcnl4040.c:124:6:powerOffProximity	8	static
vcnl4040.c:130:6:setProxResolution	16	static
vcnl4040.c:139:6:setProxInterruptType	16	static
vcnl4040.c:148:6:enableSmartPersistance	8	static
vcnl4040.c:152:6:disableSmartPersistance	8	static
vcnl4040.c:163:6:enableActiveForceMode	8	static
vcnl4040.c:167:6:disableActiveForceMode	8	static
vcnl4040.c:173:6:takeSingleProxMeasurement	8	static
vcnl4040.c:179:6:enableWhiteChannel	8	static
vcnl4040.c:183:6:disableWhiteChannel	8	static
vcnl4040.c:194:6:enableProxLogicMode	8	static
vcnl4040.c:198:6:disableProxLogicMode	8	static
vcnl4040.c:204:6:setLEDCurrent	16	static
vcnl4040.c:220:6:setProxCancellation	16	static
vcnl4040.c:226:6:setALSHighThreshold	16	static
vcnl4040.c:232:6:setALSLowThreshold	16	static
vcnl4040.c:238:6:setProxHighThreshold	16	static
vcnl4040.c:244:6:setProxLowThreshold	16	static
vcnl4040.c:250:10:getProximity	8	static
vcnl4040.c:256:10:getAmbient	8	static
vcnl4040.c:262:10:getWhite	8	static
vcnl4040.c:268:10:getID	8	static
vcnl4040.c:274:6:isClose	24	static
vcnl4040.c:281:6:isAway	24	static
vcnl4040.c:288:6:isLight	24	static
vcnl4040.c:295:6:isDark	24	static
vcnl4040.c:369:6:writeCommandLower	24	static
vcnl4040.c:378:6:writeCommandUpper	24	static
vcnl4040.c:387:9:readCommandLower	24	static
vcnl4040.c:394:9:readCommandUpper	24	static
vcnl4040.c:405:6:bitMask	32	static
