main.c:104:5:main	24	static
main.c:190:6:SystemClock_Config	104	static
main.c:234:13:MX_ADC_Init	24	static
main.c:286:13:MX_I2C1_Init	8	static
main.c:332:13:MX_TIM1_Init	96	static
main.c:406:13:MX_GPIO_Init	48	static
main.c:447:6:init_vcnl4040	8	static
main.c:460:19:send_command_vcnl4040	32	static
main.c:469:10:readCommand	48	static
main.c:486:6:writeCommand	40	static
main.c:504:6:read_data_vcnl4040	16	static
main.c:513:6:user_pwm_setvalue	16	static
main.c:524:6:Error_Handler	8	static,ignoring_inline_asm
