main.c:109:5:main	48	static
main.c:213:6:SystemClock_Config	104	static
main.c:257:13:MX_ADC_Init	24	static
main.c:309:13:MX_I2C1_Init	8	static
main.c:355:13:MX_TIM1_Init	96	static
main.c:429:13:MX_GPIO_Init	48	static
main.c:470:6:init_vcnl4040	8	static
main.c:483:19:send_command_vcnl4040	32	static
main.c:492:10:readCommand	48	static
main.c:509:6:writeCommand	40	static
main.c:527:6:read_data_vcnl4040	16	static
main.c:536:6:user_pwm_setvalue	16	static
main.c:541:6:oled_print	24	static
main.c:555:6:Error_Handler	8	static,ignoring_inline_asm
