ssd1306.c:8:6:ssd1306_Reset	0	static
ssd1306.c:13:6:ssd1306_WriteCommand	32	static
ssd1306.c:18:6:ssd1306_WriteData	24	static
ssd1306.c:63:17:ssd1306_FillBuffer	8	static
ssd1306.c:178:6:ssd1306_Fill	0	static
ssd1306.c:188:6:ssd1306_UpdateScreen	16	static
ssd1306.c:207:6:ssd1306_DrawPixel	16	static
ssd1306.c:225:6:ssd1306_WriteChar	56	static
ssd1306.c:260:6:ssd1306_WriteString	24	static
ssd1306.c:277:6:ssd1306_SetCursor	0	static
ssd1306.c:283:6:ssd1306_Line	48	static
ssd1306.c:319:6:ssd1306_Polyline	32	static
ssd1306.c:354:6:ssd1306_DrawArc	80	static
ssd1306.c:391:6:ssd1306_DrawCircle	48	static
ssd1306.c:436:6:ssd1306_DrawRectangle	40	static
ssd1306.c:447:6:ssd1306_DrawBitmap	48	static
ssd1306.c:469:6:ssd1306_SetContrast	8	static
ssd1306.c:475:6:ssd1306_SetDisplayOn	8	static
ssd1306.c:73:6:ssd1306_Init	8	static
ssd1306.c:487:9:ssd1306_GetDisplayOn	0	static
